<testsuites id="" name="" tests="3" failures="3" skipped="0" errors="0" time="12.696957999999999">
<testsuite name="e2e/create-memo.spec.ts" timestamp="2025-08-01T06:29:18.432Z" hostname="chromium" tests="1" failures="1" skipped="0" time="10.811" errors="0">
<testcase name="새 메모 작성 › 사용자는 새 메모를 작성할 수 있다" classname="e2e/create-memo.spec.ts" time="10.811">
<failure message="create-memo.spec.ts:8:7 사용자는 새 메모를 작성할 수 있다" type="FAILURE">
<![CDATA[  [chromium] › e2e/create-memo.spec.ts:8:7 › 새 메모 작성 › 사용자는 새 메모를 작성할 수 있다 ─────────────────────────

    Error: Timed out 10000ms waiting for expect(locator).toBeVisible()

    Locator: getByRole('listitem').filter({ hasText: 'Playwright 최종 안정화 테스트' })
    Expected: visible
    Received: <element(s) not found>
    Call log:
      - Expect "toBeVisible" with timeout 10000ms
      - waiting for getByRole('listitem').filter({ hasText: 'Playwright 최종 안정화 테스트' })


      37 |
      38 |     // 8. 메모 목록에 새로 추가된 메모가 표시되는지 확인합니다.
    > 39 |     await expect(page.getByRole('listitem').filter({ hasText: memoTitle })).toBeVisible({ timeout: 10000 });
         |                                                                             ^
      40 |
      41 |     // 9. 총 메모 개수가 1 증가했는지 확인합니다.
      42 |     await expect(page.locator('.memo-list > li')).toHaveCount(1);
        at /Users/nhn/Data/ai-tutorial/memo-app/tests/e2e/create-memo.spec.ts:39:77

    Error Context: ../test-results/e2e-create-memo-새-메모-작성-사용자는-새-메모를-작성할-수-있다-chromium/error-context.md
]]>
</failure>
<system-out>
<![CDATA[
[[ATTACHMENT|e2e-create-memo-새-메모-작성-사용자는-새-메모를-작성할-수-있다-chromium/error-context.md]]
]]>
</system-out>
</testcase>
</testsuite>
<testsuite name="e2e/create-memo.spec.ts" timestamp="2025-08-01T06:29:18.432Z" hostname="firefox" tests="1" failures="1" skipped="0" time="11.25" errors="0">
<testcase name="새 메모 작성 › 사용자는 새 메모를 작성할 수 있다" classname="e2e/create-memo.spec.ts" time="11.25">
<failure message="create-memo.spec.ts:8:7 사용자는 새 메모를 작성할 수 있다" type="FAILURE">
<![CDATA[  [firefox] › e2e/create-memo.spec.ts:8:7 › 새 메모 작성 › 사용자는 새 메모를 작성할 수 있다 ──────────────────────────

    Error: Timed out 10000ms waiting for expect(locator).toBeVisible()

    Locator: getByRole('listitem').filter({ hasText: 'Playwright 최종 안정화 테스트' })
    Expected: visible
    Received: <element(s) not found>
    Call log:
      - Expect "toBeVisible" with timeout 10000ms
      - waiting for getByRole('listitem').filter({ hasText: 'Playwright 최종 안정화 테스트' })


      37 |
      38 |     // 8. 메모 목록에 새로 추가된 메모가 표시되는지 확인합니다.
    > 39 |     await expect(page.getByRole('listitem').filter({ hasText: memoTitle })).toBeVisible({ timeout: 10000 });
         |                                                                             ^
      40 |
      41 |     // 9. 총 메모 개수가 1 증가했는지 확인합니다.
      42 |     await expect(page.locator('.memo-list > li')).toHaveCount(1);
        at /Users/nhn/Data/ai-tutorial/memo-app/tests/e2e/create-memo.spec.ts:39:77

    Error Context: ../test-results/e2e-create-memo-새-메모-작성-사용자는-새-메모를-작성할-수-있다-firefox/error-context.md
]]>
</failure>
<system-out>
<![CDATA[
[[ATTACHMENT|e2e-create-memo-새-메모-작성-사용자는-새-메모를-작성할-수-있다-firefox/error-context.md]]
]]>
</system-out>
</testcase>
</testsuite>
<testsuite name="e2e/create-memo.spec.ts" timestamp="2025-08-01T06:29:18.432Z" hostname="webkit" tests="1" failures="1" skipped="0" time="11.165" errors="0">
<testcase name="새 메모 작성 › 사용자는 새 메모를 작성할 수 있다" classname="e2e/create-memo.spec.ts" time="11.165">
<failure message="create-memo.spec.ts:8:7 사용자는 새 메모를 작성할 수 있다" type="FAILURE">
<![CDATA[  [webkit] › e2e/create-memo.spec.ts:8:7 › 새 메모 작성 › 사용자는 새 메모를 작성할 수 있다 ───────────────────────────

    Error: Timed out 10000ms waiting for expect(locator).toBeVisible()

    Locator: getByRole('listitem').filter({ hasText: 'Playwright 최종 안정화 테스트' })
    Expected: visible
    Received: <element(s) not found>
    Call log:
      - Expect "toBeVisible" with timeout 10000ms
      - waiting for getByRole('listitem').filter({ hasText: 'Playwright 최종 안정화 테스트' })


      37 |
      38 |     // 8. 메모 목록에 새로 추가된 메모가 표시되는지 확인합니다.
    > 39 |     await expect(page.getByRole('listitem').filter({ hasText: memoTitle })).toBeVisible({ timeout: 10000 });
         |                                                                             ^
      40 |
      41 |     // 9. 총 메모 개수가 1 증가했는지 확인합니다.
      42 |     await expect(page.locator('.memo-list > li')).toHaveCount(1);
        at /Users/nhn/Data/ai-tutorial/memo-app/tests/e2e/create-memo.spec.ts:39:77

    Error Context: ../test-results/e2e-create-memo-새-메모-작성-사용자는-새-메모를-작성할-수-있다-webkit/error-context.md
]]>
</failure>
<system-out>
<![CDATA[
[[ATTACHMENT|e2e-create-memo-새-메모-작성-사용자는-새-메모를-작성할-수-있다-webkit/error-context.md]]
]]>
</system-out>
</testcase>
</testsuite>
</testsuites>